// Jest Snapshot v1, https://goo.gl/fbAQLP

exports[`PageTitle renders correctly 1`] = `
<h1
  className="sc-bdVaJa iTWoZQ"
>
  Hello World!
</h1>
`;
